i2c.c:17:10:RCC_GetPCLK1Value	32	static
i2c.c:50:6:I2C_PeriClockControl	16	static
i2c.c:78:6:I2C_Init	32	static
i2c.c:142:6:I2C_GenerateStartCondition	16	static
i2c.c:146:6:I2C_GenerateStopCondition	16	static
i2c.c:149:6:I2C_ExecuteAddressPhase	16	static
i2c.c:154:13:I2C_ClearAddrFlag	24	static
i2c.c:192:6:I2C_MasterSendData	24	static
i2c.c:230:6:I2C_MasterReceiveData	32	static
i2c.c:286:6:I2C_SlaveSendData	16	static
i2c.c:290:9:I2C_SlaveReceiveData	16	static
i2c.c:299:9:I2C_MasterSendDataInterruptMode	32	static
i2c.c:327:9:I2C_MasterReceiveDataInterruptMode	32	static
i2c.c:359:6:I2C_CloseSendData	16	static
i2c.c:372:6:I2C_CloseReceiveData	16	static
i2c.c:396:6:I2C_IRQInterruptConfig	16	static
i2c.c:435:6:I2C_IRQPriorityConfig	24	static
i2c.c:443:6:I2C_MasterHandleRXNEInterrupt	16	static
i2c.c:482:13:I2C_MasterHandleTXEInterrupt	16	static
i2c.c:501:6:I2C_EV_IRQHandling	32	static
i2c.c:623:6:I2C_ER_IRQHandling	24	static
i2c.c:690:9:I2C_GetFlagStatus	16	static
i2c.c:696:6:I2C_PeripheralControl	16	static
i2c.c:707:6:I2C_ManageAcking	16	static
